
[2m> [22m[2mnx run[22m api:test

[2m> [22mjest --config apps/api/jest.config.cts --runInBand

node : [0m[7m[1m[31m FAIL [39m[22m[27m[0m [0m[7m[37m api [39m[27m[0m 
[2mapps/api/src/player/[22m[1mspell-resolver.service.spec.ts[22m
Au caractère Ligne:1 : 1
+ node node_modules\nx\bin\nx.js test api > test_output.txt 2>&1
+ ~~~~~~~~~~~~~~~~~~~~~~~~~~~~~~~~~~~~~~~~~~~~~~~~~~~~~~~~~~~~~~
    + CategoryInfo          : NotSpecified: ([0m[7m[1m[3...ce.spec.ts[22m:String) [], RemoteException
    + FullyQualifiedErrorId : NativeCommandError
 
  [1mΓùÅ [22mTest suite failed to run

    [96mapps/api/src/player/spell-resolver.service.spec.ts[0m:[93m34[0m:[93m57[0m - [91merror[0m[90m TS2741: 
[0mProperty 'iconPath' is missing in type '{ id: string; name: string; description: null; type: "WEAPON"; family: 
null; rank: number; statsBonus: null; grantsSpells: null; craftCost: null; shopPrice: number; }' but required in type 
'{ name: string; id: string; description: string | null; type: ItemType; family: string | null; iconPath: string | 
null; rank: number; statsBonus: JsonValue; grantsSpells: JsonValue; craftCost: JsonValue; shopPrice: number | null; }'.

    [7m 34[0m   const mockItem = (id: string, name: string): Item => ({
    [7m   [0m [91m                                                        ~[0m
    [7m 35[0m     id,
    [7m   [0m [91m~~~~~~~[0m
    [7m...[0m 
    [7m 44[0m     shopPrice: 10,
    [7m   [0m [91m~~~~~~~~~~~~~~~~~~[0m
    [7m 45[0m   });
    [7m   [0m [91m~~~[0m

      [96mnode_modules/.prisma/client/index.d.ts[0m:[93m4817[0m:[93m7[0m
        [7m4817[0m       iconPath: string | null
        [7m    [0m [96m      ~~~~~~~~[0m
        'iconPath' is declared here.

[0m[7m[1m[32m PASS [39m[22m[27m[0m [0m[7m[37m api [39m[27m[0m 
[2mapps/api/src/combat/bot/[22m[1mbot.service.spec.ts[22m ([0m[1m[41m5.099 s[49m[22m[0m)
[0m[7m[1m[32m PASS [39m[22m[27m[0m [0m[7m[37m api [39m[27m[0m 
[2mapps/api/src/game-session/[22m[1mgame-session.service.spec.ts[22m
  [1mΓùÅ [22mConsole

    [2mconsole.log[22m
      [GameSession] Creating session for P1=player-1, P2=null. isVsAi detected: false
[2m[22m
[2m      [2mat GameSessionService.createSession 
([22m[2msrc/game-session/game-session.service.ts[2m:42:13)[22m[2m[22m

    [2mconsole.log[22m
      [GameSession] Creating session for P1=player-1, P2=null. isVsAi detected: false
[2m[22m
[2m      [2mat GameSessionService.createSession 
([22m[2msrc/game-session/game-session.service.ts[2m:42:13)[22m[2m[22m

    [2mconsole.log[22m
      [GameSession] Creating session for P1=player-1, P2=player-2. isVsAi detected: undefined
[2m[22m
[2m      [2mat GameSessionService.createSession 
([22m[2msrc/game-session/game-session.service.ts[2m:42:13)[22m[2m[22m

    [2mconsole.log[22m
      [GameSession] Creating session for P1=player-1, P2=bot-1. isVsAi detected: true
[2m[22m
[2m      [2mat GameSessionService.createSession 
([22m[2msrc/game-session/game-session.service.ts[2m:42:13)[22m[2m[22m

    [2mconsole.log[22m
      [GameSession] setReady call: session=session-1, player=player-2, ready=true
[2m[22m
[2m      [2mat GameSessionService.setReady 
([22m[2msrc/game-session/game-session.service.ts[2m:218:13)[22m[2m[22m

    [2mconsole.log[22m
      [GameSession] Both players ready for session session-1. Triggering startMatch.
[2m[22m
[2m      [2mat GameSessionService.setReady 
([22m[2msrc/game-session/game-session.service.ts[2m:252:15)[22m[2m[22m

    [2mconsole.log[22m
      [GameSession] Starting match for session session-1 (Round undefined)
[2m[22m
[2m      [2mat GameSessionService.startMatch 
([22m[2msrc/game-session/game-session.service.ts[2m:279:15)[22m[2m[22m

    [2mconsole.log[22m
      [GameSession] Created combat session undefined for game session session-1
[2m[22m
[2m      [2mat GameSessionService.startMatch 
([22m[2msrc/game-session/game-session.service.ts[2m:286:15)[22m[2m[22m

    [2mconsole.log[22m
      [GameSession] Session session-1 phase updated to FIGHTING. Latest combat: undefined
[2m[22m
[2m      [2mat GameSessionService.startMatch 
([22m[2msrc/game-session/game-session.service.ts[2m:305:15)[22m[2m[22m

    [2mconsole.log[22m
      [DEBUG-GSS] [2026-04-22T10:14:20.148Z] handleCombatEnded: combatId=combat-1, gameSessionId=session-1
[2m[22m
[2m      [2mat GameSessionService.handleCombatEnded 
([22m[2msrc/game-session/game-session.service.ts[2m:392:13)[22m[2m[22m

    [2mconsole.log[22m
      [DEBUG-GSS] [2026-04-22T10:14:20.149Z] Processing transition: gameSession=session-1, isGameOver=true, 
finalIsVsAi=false
[2m[22m
[2m      [2mat GameSessionService.handleCombatEnded 
([22m[2msrc/game-session/game-session.service.ts[2m:440:13)[22m[2m[22m

    [2mconsole.log[22m
      [GameSession] Session session-1 update complete. Phase: undefined. P2Ready: undefined
[2m[22m
[2m      [2mat GameSessionService.handleCombatEnded 
([22m[2msrc/game-session/game-session.service.ts[2m:470:15)[22m[2m[22m

    [2mconsole.log[22m
      [DEBUG-GSS] [2026-04-22T10:14:20.150Z] handleCombatEnded: combatId=combat-1, gameSessionId=session-1
[2m[22m
[2m      [2mat GameSessionService.handleCombatEnded 
([22m[2msrc/game-session/game-session.service.ts[2m:392:13)[22m[2m[22m

    [2mconsole.log[22m
      [DEBUG-GSS] [2026-04-22T10:14:20.150Z] Processing transition: gameSession=session-1, isGameOver=false, 
finalIsVsAi=false
[2m[22m
[2m      [2mat GameSessionService.handleCombatEnded 
([22m[2msrc/game-session/game-session.service.ts[2m:440:13)[22m[2m[22m

    [2mconsole.log[22m
      [GameSession] Session session-1 update complete. Phase: undefined. P2Ready: undefined
[2m[22m
[2m      [2mat GameSessionService.handleCombatEnded 
([22m[2msrc/game-session/game-session.service.ts[2m:470:15)[22m[2m[22m

[0m[7m[1m[32m PASS [39m[22m[27m[0m [0m[7m[37m api [39m[27m[0m 
[2mapps/api/src/world/farming/[22m[1mfarming.service.spec.ts[22m
  [1mΓùÅ [22mConsole

    [2mconsole.log[22m
      [Farming] Reset pips and incremented round for player winner (Round 3)
[2m[22m
[2m      [2mat FarmingService.handleCombatEnded 
([22m[2msrc/world/farming/farming.service.ts[2m:148:17)[22m[2m[22m

    [2mconsole.log[22m
      [Farming] Reset pips and incremented round for player loser (Round 5)
[2m[22m
[2m      [2mat FarmingService.handleCombatEnded 
([22m[2msrc/world/farming/farming.service.ts[2m:148:17)[22m[2m[22m

[0m[7m[1m[32m PASS [39m[22m[27m[0m [0m[7m[37m api [39m[27m[0m 
[2mapps/api/src/combat/turn/[22m[1mturn.service.spec.ts[22m
[0m[7m[1m[32m PASS [39m[22m[27m[0m [0m[7m[37m api [39m[27m[0m 
[2mapps/api/src/combat/session/[22m[1msession.service.spec.ts[22m
[0m[7m[1m[32m PASS [39m[22m[27m[0m [0m[7m[37m api [39m[27m[0m 
[2mapps/api/src/economy/inventory/[22m[1minventory.service.spec.ts[22m
[0m[7m[1m[32m PASS [39m[22m[27m[0m [0m[7m[37m api [39m[27m[0m 
[2mapps/api/src/economy/crafting/[22m[1mcrafting.service.spec.ts[22m
[0m[7m[1m[32m PASS [39m[22m[27m[0m [0m[7m[37m api [39m[27m[0m 
[2mapps/api/src/shared/security/[22m[1mmatchmaking-queue.store.spec.ts[22m
[33m[Nest] 23680  - [39m22/04/2026 12:14:23 [33m   WARN[39m [38;5;3m[MatchmakingQueueStore] [39m[33mMigrated legacy matchmaking queue from string payload to zset with 2 entries.[39m
[33m[Nest] 23680  - [39m22/04/2026 12:14:23 [33m   WARN[39m [38;5;3m[MatchmakingQueueStore] [39m[33mLegacy matchmaking queue payload is invalid JSON; kept backup in "matchmaking:queue:legacy:2026-04-22T10-14-23-185Z" and recreated an empty queue.[39m
[33m[Nest] 23680  - [39m22/04/2026 12:14:23 [33m   WARN[39m [38;5;3m[MatchmakingQueueStore] [39m[33mUnsupported Redis type "list" found for matchmaking queue. Backed it up to "matchmaking:queue:legacy:2026-04-22T10-14-23-188Z" and reset the queue.[39m
[0m[7m[1m[32m PASS [39m[22m[27m[0m [0m[7m[37m api [39m[27m[0m 
[2mapps/api/src/shared/security/[22m[1msession-security.service.spec.ts[22m
[0m[7m[1m[32m PASS [39m[22m[27m[0m [0m[7m[37m api [39m[27m[0m 
[2mapps/api/src/shared/security/[22m[1msse-ticket.service.spec.ts[22m
[0m[7m[1m[32m PASS [39m[22m[27m[0m [0m[7m[37m api [39m[27m[0m 
[2mapps/api/src/player/[22m[1mplayer-spell-projection.service.spec.ts[22m
[0m[7m[1m[32m PASS [39m[22m[27m[0m [0m[7m[37m api [39m[27m[0m 
[2mapps/api/src/combat/spells/[22m[1mspells.service.spec.ts[22m
[0m[7m[1m[32m PASS [39m[22m[27m[0m [0m[7m[37m api [39m[27m[0m 
[2mapps/api/src/player/[22m[1mdefault-player-stats.spec.ts[22m

[1mTest Suites: [22m[1m[31m1 failed[39m[22m, [1m[32m13 passed[39m[22m, 14 total
[1mTests:       [22m[1m[32m63 passed[39m[22m, 63 total
[1mSnapshots:   [22m0 total
[1mTime:[22m        [1m[33m14.053 s[39m[22m
[2mRan all test suites[22m[2m.[22m

[2m[31m[39m[22m

[7m[1m[31m NX [39m[22m[27m  [31mRunning target [1mtest[22m for project api failed[39m

[2mFailed tasks:[22m

[2m-[22m api:test

[2mHint: run the command with[22m --verbose [2mfor more details.[22m

Warning: command "jest --config apps/api/jest.config.cts --runInBand" exited with non-zero status code
